#
# A fatal error has been detected by the Java Runtime Environment:
#
#  EXCEPTION_ACCESS_VIOLATION (0xc0000005) at pc=0x00007ffd5eb3e8f0, pid=10120, tid=13248
#
# JRE version: OpenJDK Runtime Environment (21.0.9) (build 21.0.9+-14787801-b1163.94)
# Java VM: OpenJDK 64-Bit Server VM (21.0.9+-14787801-b1163.94, mixed mode, tiered, compressed oops, compressed class ptrs, g1 gc, windows-amd64)
# Problematic frame:
# V  [jvm.dll+0x3be8f0]
#
# No core dump will be written. Minidumps are not enabled by default on client versions of Windows
#
# If you would like to submit a bug report, please visit:
#   https://youtrack.jetbrains.com/issues/JBR
#

---------------  S U M M A R Y ------------

Command Line: --add-opens=java.base/java.util=ALL-UNNAMED --add-opens=java.base/java.lang=ALL-UNNAMED --add-opens=java.base/java.lang.invoke=ALL-UNNAMED --add-opens=java.prefs/java.util.prefs=ALL-UNNAMED --add-exports=jdk.compiler/com.sun.tools.javac.api=ALL-UNNAMED --add-exports=jdk.compiler/com.sun.tools.javac.util=ALL-UNNAMED --add-opens=java.base/java.nio.charset=ALL-UNNAMED --add-opens=java.base/java.net=ALL-UNNAMED --add-opens=java.base/java.util.concurrent.atomic=ALL-UNNAMED -Xmx2048m -Dfile.encoding=UTF-8 -Duser.country=FR -Duser.language=fr -Duser.variant -javaagent:C:\Users\ibtis\.gradle\wrapper\dists\gradle-8.10.2-bin\a04bxjujx95o3nb99gddekhwo\gradle-8.10.2\lib\agents\gradle-instrumentation-agent-8.10.2.jar org.gradle.launcher.daemon.bootstrap.GradleDaemon 8.10.2

Host: Intel(R) Core(TM) i5-1035G1 CPU @ 1.00GHz, 8 cores, 11G,  Windows 11 , 64 bit Build 26100 (10.0.26100.8328)
Time: Thu Jun  4 17:02:00 2026 elapsed time: 5.519913 seconds (0d 0h 0m 5s)

---------------  T H R E A D  ---------------

Current thread (0x000001d9dfbcf910):  JavaThread "C2 CompilerThread1" daemon [_thread_in_native, id=13248, stack(0x0000008085500000,0x0000008085600000) (1024K)]


Current CompileTask:
C2:5520 4023   !   4       java.io.RandomAccessFile::read (43 bytes)

Stack: [0x0000008085500000,0x0000008085600000],  sp=0x00000080855fcd90,  free space=1011k
Native frames: (J=compiled Java code, j=interpreted, Vv=VM code, C=native code)
V  [jvm.dll+0x3be8f0]
V  [jvm.dll+0x3b9d67]
V  [jvm.dll+0x1e0121]
V  [jvm.dll+0x1dfd55]
V  [jvm.dll+0x2495b4]
V  [jvm.dll+0x248a31]
V  [jvm.dll+0x1c7344]
V  [jvm.dll+0x2581ae]
V  [jvm.dll+0x2566f6]
V  [jvm.dll+0x3f48a6]
V  [jvm.dll+0x80f118]
V  [jvm.dll+0x6d54ed]
C  [ucrtbase.dll+0x37b0]
C  [KERNEL32.DLL+0x2e957]
C  [ntdll.dll+0x427c]


siginfo: EXCEPTION_ACCESS_VIOLATION (0xc0000005), reading address 0x00002bfd5f3203d0


Registers:
RAX=0x0000000000000000, RBX=0x00000080855fcde0, RCX=0x0000000000000000, RDX=0x00002bfd5f3203d0
RSP=0x00000080855fcd90, RBP=0x00000080855fcfe0, RSI=0x00007ffd5f3203d0, RDI=0x0000000000000004
R8 =0x000001d9e3cb1290, R9 =0x000001d9e04cad74, R10=0x0000000000000001, R11=0x0000000000000a9e
R12=0x00000000000514a0, R13=0x00000080855fd360, R14=0x0000000000000022, R15=0x00007ffd5f3203d0
RIP=0x00007ffd5eb3e8f0, EFLAGS=0x0000000000010246

XMM[0]=0x0000000000000000 0x0000000000000000
XMM[1]=0x0000000000000000 0x0000000000000000
XMM[2]=0x0000000000000000 0x40522bace66bc902
XMM[3]=0x0000000000000000 0x4029324f57a7da22
XMM[4]=0x0000000000000000 0x40383a3bdde50c03
XMM[5]=0x0000000000000000 0x3fff02d6bfbfbe20
XMM[6]=0x0000000000000000 0x0000000000000000
XMM[7]=0x0000000000000000 0x0000000000000000
XMM[8]=0x0000000000000000 0x0000000000000000
XMM[9]=0x0000000000000000 0x0000000000000000
XMM[10]=0x0000000000000000 0x0000000000000000
XMM[11]=0x0000000000000000 0x0000000000000000
XMM[12]=0x0000000000000000 0x0000000000000000
XMM[13]=0x0000000000000000 0x0000000000000000
XMM[14]=0x0000000000000000 0x0000000000000000
XMM[15]=0x0000000000000000 0x0000000000000000
  MXCSR=0x00001fa0


Register to memory mapping:

RAX=0x0 is null
RBX=0x00000080855fcde0 is pointing into the stack for thread: 0x000001d9dfbcf910
RCX=0x0 is null
RDX=0x00002bfd5f3203d0 is an unknown value
RSP=0x00000080855fcd90 is pointing into the stack for thread: 0x000001d9dfbcf910
RBP=0x00000080855fcfe0 is pointing into the stack for thread: 0x000001d9dfbcf910
RSI=0x00007ffd5f3203d0 jvm.dll
RDI=0x0000000000000004 is an unknown value
R8 =0x000001d9e3cb1290 points into unknown readable memory: 0x0000000b0000001a | 1a 00 00 00 0b 00 00 00
R9 =0x000001d9e04cad74 points into unknown readable memory: e8 ff ff ff
R10=0x0000000000000001 is an unknown value
R11=0x0000000000000a9e is an unknown value
R12=0x00000000000514a0 is an unknown value
R13=0x00000080855fd360 is pointing into the stack for thread: 0x000001d9dfbcf910
R14=0x0000000000000022 is an unknown value
R15=0x00007ffd5f3203d0 jvm.dll

Top of Stack: (sp=0x00000080855fcd90)
0x00000080855fcd90:   0000000000000000 0000000000000000
0x00000080855fcda0:   0000000000000000 0000000000000000
0x00000080855fcdb0:   000000000000752f 00007ffd5eb39d67
0x00000080855fcdc0:   ffffffffffffffff 0000000000000822
0x00000080855fcdd0:   0000000000000000 0000000000000000
0x00000080855fcde0:   0000000000000000 0000000400000000
0x00000080855fcdf0:   0000000b00000000 00002bfd5f3203d0
0x00000080855fce00:   000001d9e3cb12a0 000001d9e3cb1290
0x00000080855fce10:   0000000000000822 ffffffffffffffff
0x00000080855fce20:   0000000000000000 00007ffd5e960121
0x00000080855fce30:   000000000000752f 0000000000000000
0x00000080855fce40:   000001d9e5420ad0 00007ffd5f0cd198
0x00000080855fce50:   0000000000000000 0000000300000a9e
0x00000080855fce60:   0000000b0000000b 000001d9e4644be0
0x00000080855fce70:   000001d9e3cb1200 000001d9e3cb11f0
0x00000080855fce80:   0000000000000000 0000000000000000
0x00000080855fce90:   0000000000000000 0000000000000000
0x00000080855fcea0:   0000000000000000 00007ffd5f0cd1a8
0x00000080855fceb0:   0000000000000000 0000000000000000
0x00000080855fcec0:   0000000000000000 00007ffd5f0cd1a8
0x00000080855fced0:   0000000000000000 0000000000000000
0x00000080855fcee0:   000001d9e39e71a0 00000000000003d8
0x00000080855fcef0:   000001d9e39e71b0 0000000000000000
0x00000080855fcf00:   000001d9e39e7588 00000080855fd020
0x00000080855fcf10:   00000080855fd360 00007ffd5e95fd55
0x00000080855fcf20:   000001d90000752f ffffffffffffffff
0x00000080855fcf30:   00000080855fd440 0000000000000000
0x00000080855fcf40:   0000000000000000 00007ffdd2e41d21
0x00000080855fcf50:   00000080855fd007 000001d9e39e71a0
0x00000080855fcf60:   000001d9e04c7300 000001d9e04cae70
0x00000080855fcf70:   000001d9e04cf2e8 0000000000183408
0x00000080855fcf80:   0000000000000000 0000000000000000 

Instructions: (pc=0x00007ffd5eb3e8f0)
0x00007ffd5eb3e7f0:   48 8b a8 80 00 00 00 48 8b 8d d8 08 00 00 48 85
0x00007ffd5eb3e800:   c9 75 0c e8 78 0b 00 00 48 8b 8d d8 08 00 00 48
0x00007ffd5eb3e810:   8b 01 0f 57 c0 48 89 85 d8 08 00 00 0f 11 01 0f
0x00007ffd5eb3e820:   11 41 10 41 0f 10 06 0f 11 01 41 0f 10 4e 10 0f
0x00007ffd5eb3e830:   11 49 10 48 8b 43 08 48 89 0c 06 ff c7 ba 34 00
0x00007ffd5eb3e840:   00 00 3b bb 90 00 00 00 0f 82 62 ff ff ff 4c 8b
0x00007ffd5eb3e850:   74 24 60 4c 8b 6c 24 58 4c 8b 64 24 50 48 8b c3
0x00007ffd5eb3e860:   48 83 c4 20 41 5f 5f 5e 5d 5b c3 cc cc cc cc cc
0x00007ffd5eb3e870:   40 53 48 83 ec 20 8b 51 0c 48 8b d9 83 fa 04 73
0x00007ffd5eb3e880:   2a 4c 8b 59 18 66 66 66 0f 1f 84 00 00 00 00 00
0x00007ffd5eb3e890:   44 8b d2 44 8d 4a 01 4b 83 3c d3 00 0f 85 8f 00
0x00007ffd5eb3e8a0:   00 00 41 8b d1 41 83 f9 04 72 e5 48 89 74 24 30
0x00007ffd5eb3e8b0:   48 89 7c 24 38 8b 79 10 3b 79 14 73 62 48 8d 35
0x00007ffd5eb3e8c0:   0c 1b 7e 00 0f 1f 40 00 0f 1f 84 00 00 00 00 00
0x00007ffd5eb3e8d0:   48 8b 43 20 8b cf 48 8b 14 c8 48 3b d6 74 39 33
0x00007ffd5eb3e8e0:   c0 48 89 53 18 33 c9 66 0f 1f 84 00 00 00 00 00
0x00007ffd5eb3e8f0:   48 83 3c 11 00 44 8d 48 01 75 6f 48 83 c1 08 41
0x00007ffd5eb3e900:   8b c1 41 83 f9 04 72 e8 48 8b 4b 28 48 85 c9 74
0x00007ffd5eb3e910:   07 8b d7 e8 58 01 00 00 ff c7 3b 7b 14 72 b1 48
0x00007ffd5eb3e920:   8b 74 24 30 33 c0 48 8b 7c 24 38 48 83 c4 20 5b
0x00007ffd5eb3e930:   c3 8b 41 10 44 8d 04 82 41 c1 e0 06 41 81 c0 00
0x00007ffd5eb3e940:   ff ff ff 44 89 41 08 4b 8b 14 d3 48 0f bc c2 44
0x00007ffd5eb3e950:   89 49 0c 8b c8 48 d3 ea 48 ff ca 41 03 c0 48 89
0x00007ffd5eb3e960:   13 89 43 08 48 83 c4 20 5b c3 48 8b 74 24 30 44
0x00007ffd5eb3e970:   8d 04 b8 8b c8 8d 47 01 48 8b 7c 24 38 41 c1 e0
0x00007ffd5eb3e980:   06 44 89 43 08 48 8b 14 ca 89 43 10 48 0f bc c2
0x00007ffd5eb3e990:   44 89 4b 0c 8b c8 48 d3 ea 48 ff ca 41 03 c0 48
0x00007ffd5eb3e9a0:   89 13 89 43 08 48 83 c4 20 5b c3 cc cc cc cc cc
0x00007ffd5eb3e9b0:   40 53 48 83 ec 20 65 48 8b 04 25 58 00 00 00 8b
0x00007ffd5eb3e9c0:   0d 63 53 83 00 48 8b 1c c8 b8 34 00 00 00 80 3c
0x00007ffd5eb3e9d0:   18 00 75 05 e8 33 83 4d 00 b8 20 00 00 00 48 8b
0x00007ffd5eb3e9e0:   04 18 48 8b 88 68 06 00 00 48 8b 99 80 00 00 00 


Stack slot to memory mapping:

stack at sp + 0 slots: 0x0 is null
stack at sp + 1 slots: 0x0 is null
stack at sp + 2 slots: 0x0 is null
stack at sp + 3 slots: 0x0 is null
stack at sp + 4 slots: 0x000000000000752f is an unknown value
stack at sp + 5 slots: 0x00007ffd5eb39d67 jvm.dll
stack at sp + 6 slots: 0xffffffffffffffff is an unknown value
stack at sp + 7 slots: 0x0000000000000822 is an unknown value


---------------  P R O C E S S  ---------------

Threads class SMR info:
_java_thread_list=0x000001d9e1e2ccc0, length=38, elements={
0x000001d9c30ab590, 0x000001d9da9ceda0, 0x000001d9da9f4bc0, 0x000001d9da9f5620,
0x000001d9daa15290, 0x000001d9daa15cf0, 0x000001d9daa16750, 0x000001d9da9fd070,
0x000001d9da9fe9b0, 0x000001d9daa03680, 0x000001d9df0280a0, 0x000001d9dfbcf910,
0x000001d9e151b880, 0x000001d9dfbcffe0, 0x000001d9e0660da0, 0x000001d9e10fbe60,
0x000001d9e16c6260, 0x000001d9dff8b720, 0x000001d9dfde3880, 0x000001d9dfde31f0,
0x000001d9dfde3f10, 0x000001d9dfde45a0, 0x000001d9e1c9c5f0, 0x000001d9e1c9bf60,
0x000001d9e1c9ed50, 0x000001d9e1c9cc80, 0x000001d9e1c9d9a0, 0x000001d9e1c9e030,
0x000001d9e1c9e6c0, 0x000001d9e1c9b8d0, 0x000001d9e1c9fa70, 0x000001d9e1ca2860,
0x000001d9e1ca0100, 0x000001d9e1c9f3e0, 0x000001d9e1ca0790, 0x000001d9e1ca0e20,
0x000001d9e1ca14b0, 0x000001d9e1ca1b40
}

Java Threads: ( => current thread )
  0x000001d9c30ab590 JavaThread "main"                              [_thread_blocked, id=4500, stack(0x0000008084300000,0x0000008084400000) (1024K)]
  0x000001d9da9ceda0 JavaThread "Common-Cleaner"             daemon [_thread_blocked, id=7784, stack(0x0000008084b00000,0x0000008084c00000) (1024K)]
  0x000001d9da9f4bc0 JavaThread "Reference Handler"          daemon [_thread_blocked, id=15000, stack(0x0000008084c00000,0x0000008084d00000) (1024K)]
  0x000001d9da9f5620 JavaThread "Finalizer"                  daemon [_thread_blocked, id=17268, stack(0x0000008084d00000,0x0000008084e00000) (1024K)]
  0x000001d9daa15290 JavaThread "Signal Dispatcher"          daemon [_thread_blocked, id=18076, stack(0x0000008084e00000,0x0000008084f00000) (1024K)]
  0x000001d9daa15cf0 JavaThread "Attach Listener"            daemon [_thread_blocked, id=3244, stack(0x0000008084f00000,0x0000008085000000) (1024K)]
  0x000001d9daa16750 JavaThread "Service Thread"             daemon [_thread_blocked, id=15588, stack(0x0000008085000000,0x0000008085100000) (1024K)]
  0x000001d9da9fd070 JavaThread "Monitor Deflation Thread"   daemon [_thread_blocked, id=4628, stack(0x0000008085100000,0x0000008085200000) (1024K)]
  0x000001d9da9fe9b0 JavaThread "C2 CompilerThread0"         daemon [_thread_in_native, id=13216, stack(0x0000008085200000,0x0000008085300000) (1024K)]
  0x000001d9daa03680 JavaThread "C1 CompilerThread0"         daemon [_thread_in_native, id=14572, stack(0x0000008085300000,0x0000008085400000) (1024K)]
  0x000001d9df0280a0 JavaThread "Notification Thread"        daemon [_thread_blocked, id=3000, stack(0x0000008085400000,0x0000008085500000) (1024K)]
=>0x000001d9dfbcf910 JavaThread "C2 CompilerThread1"         daemon [_thread_in_native, id=13248, stack(0x0000008085500000,0x0000008085600000) (1024K)]
  0x000001d9e151b880 JavaThread "Daemon health stats"               [_thread_blocked, id=2120, stack(0x0000008085600000,0x0000008085700000) (1024K)]
  0x000001d9dfbcffe0 JavaThread "C2 CompilerThread2"         daemon [_thread_in_native, id=2552, stack(0x0000008085e00000,0x0000008085f00000) (1024K)]
  0x000001d9e0660da0 JavaThread "Incoming local TCP Connector on port 53946"        [_thread_in_native, id=4028, stack(0x0000008085f00000,0x0000008086000000) (1024K)]
  0x000001d9e10fbe60 JavaThread "Daemon periodic checks"            [_thread_blocked, id=11492, stack(0x0000008086000000,0x0000008086100000) (1024K)]
  0x000001d9e16c6260 JavaThread "Daemon"                            [_thread_blocked, id=17972, stack(0x0000008086100000,0x0000008086200000) (1024K)]
  0x000001d9dff8b720 JavaThread "Handler for socket connection from /127.0.0.1:53946 to /127.0.0.1:53947"        [_thread_in_native, id=7060, stack(0x0000008086200000,0x0000008086300000) (1024K)]
  0x000001d9dfde3880 JavaThread "Cancel handler"                    [_thread_blocked, id=2932, stack(0x0000008086400000,0x0000008086500000) (1024K)]
  0x000001d9dfde31f0 JavaThread "Daemon worker"                     [_thread_in_Java, id=18248, stack(0x0000008086500000,0x0000008086600000) (1024K)]
  0x000001d9dfde3f10 JavaThread "Asynchronous log dispatcher for DefaultDaemonConnection: socket connection from /127.0.0.1:53946 to /127.0.0.1:53947"        [_thread_blocked, id=17904, stack(0x0000008086600000,0x0000008086700000) (1024K)]
  0x000001d9dfde45a0 JavaThread "Stdin handler"                     [_thread_blocked, id=5508, stack(0x0000008086700000,0x0000008086800000) (1024K)]
  0x000001d9e1c9c5f0 JavaThread "Daemon client event forwarder"        [_thread_blocked, id=2996, stack(0x0000008086800000,0x0000008086900000) (1024K)]
  0x000001d9e1c9bf60 JavaThread "Cache worker for journal cache (C:\Users\ibtis\.gradle\caches\journal-1)"        [_thread_blocked, id=17228, stack(0x0000008086900000,0x0000008086a00000) (1024K)]
  0x000001d9e1c9ed50 JavaThread "File lock request listener"        [_thread_in_native, id=2764, stack(0x0000008086a00000,0x0000008086b00000) (1024K)]
  0x000001d9e1c9cc80 JavaThread "Cache worker for file hash cache (C:\Users\ibtis\.gradle\caches\8.10.2\fileHashes)"        [_thread_blocked, id=6728, stack(0x0000008086b00000,0x0000008086c00000) (1024K)]
  0x000001d9e1c9d9a0 JavaThread "Cache worker for file hash cache (C:\Users\ibtis\Downloads\TP11_ibtissam\TP11_ibtissam\frontend\.gradle\8.10.2\fileHashes)"        [_thread_blocked, id=17336, stack(0x0000008086c00000,0x0000008086d00000) (1024K)]
  0x000001d9e1c9e030 JavaThread "Cache worker for Build Output Cleanup Cache (C:\Users\ibtis\Downloads\TP11_ibtissam\TP11_ibtissam\frontend\.gradle\buildOutputCleanup)"        [_thread_blocked, id=1624, stack(0x0000008086d00000,0x0000008086e00000) (1024K)]
  0x000001d9e1c9e6c0 JavaThread "File watcher server"        daemon [_thread_in_native, id=17616, stack(0x0000008086e00000,0x0000008086f00000) (1024K)]
  0x000001d9e1c9b8d0 JavaThread "File watcher consumer"      daemon [_thread_blocked, id=8592, stack(0x0000008086f00000,0x0000008087000000) (1024K)]
  0x000001d9e1c9fa70 JavaThread "jar transforms"                    [_thread_blocked, id=6108, stack(0x0000008087000000,0x0000008087100000) (1024K)]
  0x000001d9e1ca2860 JavaThread "jar transforms Thread 2"           [_thread_blocked, id=13760, stack(0x0000008087100000,0x0000008087200000) (1024K)]
  0x000001d9e1ca0100 JavaThread "jar transforms Thread 3"           [_thread_blocked, id=18220, stack(0x0000008087200000,0x0000008087300000) (1024K)]
  0x000001d9e1c9f3e0 JavaThread "jar transforms Thread 4"           [_thread_blocked, id=16788, stack(0x0000008087300000,0x0000008087400000) (1024K)]
  0x000001d9e1ca0790 JavaThread "jar transforms Thread 5"           [_thread_blocked, id=6560, stack(0x0000008087400000,0x0000008087500000) (1024K)]
  0x000001d9e1ca0e20 JavaThread "jar transforms Thread 6"           [_thread_blocked, id=18260, stack(0x0000008087500000,0x0000008087600000) (1024K)]
  0x000001d9e1ca14b0 JavaThread "jar transforms Thread 7"           [_thread_blocked, id=9672, stack(0x0000008087600000,0x0000008087700000) (1024K)]
  0x000001d9e1ca1b40 JavaThread "jar transforms Thread 8"           [_thread_blocked, id=17984, stack(0x0000008087700000,0x0000008087800000) (1024K)]
Total: 38

Other Threads:
  0x000001d9da9833b0 VMThread "VM Thread"                           [id=16248, stack(0x0000008084a00000,0x0000008084b00000) (1024K)]
  0x000001d9da037e60 WatcherThread "VM Periodic Task Thread"        [id=12020, stack(0x0000008084900000,0x0000008084a00000) (1024K)]
  0x000001d9c31058c0 WorkerThread "GC Thread#0"                     [id=14688, stack(0x0000008084400000,0x0000008084500000) (1024K)]
  0x000001d9df5e6e10 WorkerThread "GC Thread#1"                     [id=2936, stack(0x0000008085700000,0x0000008085800000) (1024K)]
  0x000001d9df37ecb0 WorkerThread "GC Thread#2"                     [id=8608, stack(0x0000008085800000,0x0000008085900000) (1024K)]
  0x000001d9df37f460 WorkerThread "GC Thread#3"                     [id=18028, stack(0x0000008085900000,0x0000008085a00000) (1024K)]
  0x000001d9dfecfa80 WorkerThread "GC Thread#4"                     [id=17564, stack(0x0000008085a00000,0x0000008085b00000) (1024K)]
  0x000001d9e0aba410 WorkerThread "GC Thread#5"                     [id=4308, stack(0x0000008085b00000,0x0000008085c00000) (1024K)]
  0x000001d9e0aba7b0 WorkerThread "GC Thread#6"                     [id=11664, stack(0x0000008085c00000,0x0000008085d00000) (1024K)]
  0x000001d9e0abb290 WorkerThread "GC Thread#7"                     [id=13292, stack(0x0000008085d00000,0x0000008085e00000) (1024K)]
  0x000001d9c3117800 ConcurrentGCThread "G1 Main Marker"            [id=17164, stack(0x0000008084500000,0x0000008084600000) (1024K)]
  0x000001d9c31190c0 WorkerThread "G1 Conc#0"                       [id=15412, stack(0x0000008084600000,0x0000008084700000) (1024K)]
  0x000001d9e0972a00 WorkerThread "G1 Conc#1"                       [id=5108, stack(0x0000008086300000,0x0000008086400000) (1024K)]
  0x000001d9d9f0b100 ConcurrentGCThread "G1 Refine#0"               [id=17172, stack(0x0000008084700000,0x0000008084800000) (1024K)]
  0x000001d9d9f0bb30 ConcurrentGCThread "G1 Service"                [id=3144, stack(0x0000008084800000,0x0000008084900000) (1024K)]
Total: 15

Threads with active compile tasks:
C2 CompilerThread0  5573 4069       4       java.io.RandomAccessFile::readFully (45 bytes)
C2 CompilerThread1  5573 4023   !   4       java.io.RandomAccessFile::read (43 bytes)
C2 CompilerThread2  5574 3835   !   4       java.lang.ClassLoader::loadClass (121 bytes)
Total: 3

VM state: not at safepoint (normal execution)

VM Mutex/Monitor currently owned by a thread:  ([mutex/lock_event])
[0x00007ffd5f337090] MethodCompileQueue_lock - owner thread: 0x000001d9daa03680

Heap address: 0x0000000080000000, size: 2048 MB, Compressed Oops mode: 32-bit

CDS archive(s) not mapped
Compressed class space mapped at: 0x0000000100000000-0x0000000140000000, reserved size: 1073741824
Narrow klass base: 0x0000000000000000, Narrow klass shift: 3, Narrow klass range: 0x140000000

GC Precious Log:
 CardTable entry size: 512
 Card Set container configuration: InlinePtr #cards 5 size 8 Array Of Cards #cards 12 size 40 Howl #buckets 4 coarsen threshold 1843 Howl Bitmap #cards 512 size 80 coarsen threshold 460 Card regions per heap region 1 cards per card region 2048
 CPUs: 8 total, 8 available
 Memory: 12092M
 Large Page Support: Disabled
 NUMA Support: Disabled
 Compressed Oops: Enabled (32-bit)
 Heap Region Size: 1M
 Heap Min Capacity: 8M
 Heap Initial Capacity: 190M
 Heap Max Capacity: 2G
 Pre-touch: Disabled
 Parallel Workers: 8
 Concurrent Workers: 2
 Concurrent Refinement Workers: 8
 Periodic GC: Disabled

Heap:
 garbage-first heap   total 83968K, used 78848K [0x0000000080000000, 0x0000000100000000)
  region size 1024K, 38 young (38912K), 5 survivors (5120K)
 Metaspace       used 38966K, committed 39808K, reserved 1114112K
  class space    used 5470K, committed 5888K, reserved 1048576K

Heap Regions: E=young(eden), S=young(survivor), O=old, HS=humongous(starts), HC=humongous(continues), CS=collection set, F=free, TAMS=top-at-mark-start, PB=parsable bottom
|   0|0x0000000080000000, 0x0000000080100000, 0x0000000080100000|100%|HS|  |TAMS 0x0000000080000000| PB 0x0000000080000000| Complete 
|   1|0x0000000080100000, 0x0000000080200000, 0x0000000080200000|100%|HC|  |TAMS 0x0000000080100000| PB 0x0000000080100000| Complete 
|   2|0x0000000080200000, 0x0000000080300000, 0x0000000080300000|100%|HC|  |TAMS 0x0000000080200000| PB 0x0000000080200000| Complete 
|   3|0x0000000080300000, 0x0000000080400000, 0x0000000080400000|100%|HC|  |TAMS 0x0000000080300000| PB 0x0000000080300000| Complete 
|   4|0x0000000080400000, 0x0000000080500000, 0x0000000080500000|100%| O|  |TAMS 0x0000000080400000| PB 0x0000000080400000| Untracked 
|   5|0x0000000080500000, 0x0000000080600000, 0x0000000080600000|100%| O|  |TAMS 0x0000000080500000| PB 0x0000000080500000| Untracked 
|   6|0x0000000080600000, 0x0000000080700000, 0x0000000080700000|100%|HS|  |TAMS 0x0000000080600000| PB 0x0000000080600000| Complete 
|   7|0x0000000080700000, 0x0000000080800000, 0x0000000080800000|100%| O|  |TAMS 0x0000000080700000| PB 0x0000000080700000| Untracked 
|   8|0x0000000080800000, 0x0000000080900000, 0x0000000080900000|100%| O|  |TAMS 0x0000000080800000| PB 0x0000000080800000| Untracked 
|   9|0x0000000080900000, 0x0000000080a00000, 0x0000000080a00000|100%| O|  |TAMS 0x0000000080900000| PB 0x0000000080900000| Untracked 
|  10|0x0000000080a00000, 0x0000000080b00000, 0x0000000080b00000|100%| O|  |TAMS 0x0000000080a00000| PB 0x0000000080a00000| Untracked 
|  11|0x0000000080b00000, 0x0000000080c00000, 0x0000000080c00000|100%| O|  |TAMS 0x0000000080b00000| PB 0x0000000080b00000| Untracked 
|  12|0x0000000080c00000, 0x0000000080d00000, 0x0000000080d00000|100%| O|  |TAMS 0x0000000080c00000| PB 0x0000000080c00000| Untracked 
|  13|0x0000000080d00000, 0x0000000080e00000, 0x0000000080e00000|100%| O|Cm|TAMS 0x0000000080d00000| PB 0x0000000080d00000| Complete 
|  14|0x0000000080e00000, 0x0000000080f00000, 0x0000000080f00000|100%| O|  |TAMS 0x0000000080e00000| PB 0x0000000080e00000| Untracked 
|  15|0x0000000080f00000, 0x0000000081000000, 0x0000000081000000|100%|HS|  |TAMS 0x0000000080f00000| PB 0x0000000080f00000| Complete 
|  16|0x0000000081000000, 0x0000000081100000, 0x0000000081100000|100%|HC|  |TAMS 0x0000000081000000| PB 0x0000000081000000| Complete 
|  17|0x0000000081100000, 0x0000000081200000, 0x0000000081200000|100%|HC|  |TAMS 0x0000000081100000| PB 0x0000000081100000| Complete 
|  18|0x0000000081200000, 0x0000000081300000, 0x0000000081300000|100%|HC|  |TAMS 0x0000000081200000| PB 0x0000000081200000| Complete 
|  19|0x0000000081300000, 0x0000000081400000, 0x0000000081400000|100%|HC|  |TAMS 0x0000000081300000| PB 0x0000000081300000| Complete 
|  20|0x0000000081400000, 0x0000000081500000, 0x0000000081500000|100%|HC|  |TAMS 0x0000000081400000| PB 0x0000000081400000| Complete 
|  21|0x0000000081500000, 0x0000000081600000, 0x0000000081600000|100%|HS|  |TAMS 0x0000000081500000| PB 0x0000000081500000| Complete 
|  22|0x0000000081600000, 0x0000000081700000, 0x0000000081700000|100%|HC|  |TAMS 0x0000000081600000| PB 0x0000000081600000| Complete 
|  23|0x0000000081700000, 0x0000000081800000, 0x0000000081800000|100%|HS|  |TAMS 0x0000000081700000| PB 0x0000000081700000| Complete 
|  24|0x0000000081800000, 0x0000000081900000, 0x0000000081900000|100%|HS|  |TAMS 0x0000000081800000| PB 0x0000000081800000| Complete 
|  25|0x0000000081900000, 0x0000000081a00000, 0x0000000081a00000|100%|HC|  |TAMS 0x0000000081900000| PB 0x0000000081900000| Complete 
|  26|0x0000000081a00000, 0x0000000081b00000, 0x0000000081b00000|100%|HS|  |TAMS 0x0000000081a00000| PB 0x0000000081a00000| Complete 
|  27|0x0000000081b00000, 0x0000000081b00000, 0x0000000081c00000|  0%| F|  |TAMS 0x0000000081b00000| PB 0x0000000081b00000| Untracked 
|  28|0x0000000081c00000, 0x0000000081c00000, 0x0000000081d00000|  0%| F|  |TAMS 0x0000000081c00000| PB 0x0000000081c00000| Untracked 
|  29|0x0000000081d00000, 0x0000000081e00000, 0x0000000081e00000|100%| O|  |TAMS 0x0000000081d00000| PB 0x0000000081d00000| Untracked 
|  30|0x0000000081e00000, 0x0000000081f00000, 0x0000000081f00000|100%|HS|  |TAMS 0x0000000081e00000| PB 0x0000000081e00000| Complete 
|  31|0x0000000081f00000, 0x0000000082000000, 0x0000000082000000|100%|HC|  |TAMS 0x0000000081f00000| PB 0x0000000081f00000| Complete 
|  32|0x0000000082000000, 0x0000000082100000, 0x0000000082100000|100%|HC|  |TAMS 0x0000000082000000| PB 0x0000000082000000| Complete 
|  33|0x0000000082100000, 0x0000000082200000, 0x0000000082200000|100%|HC|  |TAMS 0x0000000082100000| PB 0x0000000082100000| Complete 
|  34|0x0000000082200000, 0x0000000082300000, 0x0000000082300000|100%|HC|  |TAMS 0x0000000082200000| PB 0x0000000082200000| Complete 
|  35|0x0000000082300000, 0x0000000082400000, 0x0000000082400000|100%|HC|  |TAMS 0x0000000082300000| PB 0x0000000082300000| Complete 
|  36|0x0000000082400000, 0x0000000082400000, 0x0000000082500000|  0%| F|  |TAMS 0x0000000082400000| PB 0x0000000082400000| Untracked 
|  37|0x0000000082500000, 0x000000008257f6e8, 0x0000000082600000| 49%| E|  |TAMS 0x0000000082500000| PB 0x0000000082500000| Complete 
|  38|0x0000000082600000, 0x0000000082700000, 0x0000000082700000|100%| E|CS|TAMS 0x0000000082600000| PB 0x0000000082600000| Complete 
|  39|0x0000000082700000, 0x0000000082800000, 0x0000000082800000|100%| E|CS|TAMS 0x0000000082700000| PB 0x0000000082700000| Complete 
|  40|0x0000000082800000, 0x0000000082900000, 0x0000000082900000|100%| E|CS|TAMS 0x0000000082800000| PB 0x0000000082800000| Complete 
|  41|0x0000000082900000, 0x0000000082a00000, 0x0000000082a00000|100%| E|CS|TAMS 0x0000000082900000| PB 0x0000000082900000| Complete 
|  42|0x0000000082a00000, 0x0000000082b00000, 0x0000000082b00000|100%| E|CS|TAMS 0x0000000082a00000| PB 0x0000000082a00000| Complete 
|  43|0x0000000082b00000, 0x0000000082c00000, 0x0000000082c00000|100%| E|CS|TAMS 0x0000000082b00000| PB 0x0000000082b00000| Complete 
|  44|0x0000000082c00000, 0x0000000082d00000, 0x0000000082d00000|100%| E|CS|TAMS 0x0000000082c00000| PB 0x0000000082c00000| Complete 
|  45|0x0000000082d00000, 0x0000000082e00000, 0x0000000082e00000|100%| E|  |TAMS 0x0000000082d00000| PB 0x0000000082d00000| Complete 
|  46|0x0000000082e00000, 0x0000000082f00000, 0x0000000082f00000|100%| E|CS|TAMS 0x0000000082e00000| PB 0x0000000082e00000| Complete 
|  47|0x0000000082f00000, 0x0000000083000000, 0x0000000083000000|100%| E|CS|TAMS 0x0000000082f00000| PB 0x0000000082f00000| Complete 
|  48|0x0000000083000000, 0x0000000083100000, 0x0000000083100000|100%| E|CS|TAMS 0x0000000083000000| PB 0x0000000083000000| Complete 
|  49|0x0000000083100000, 0x0000000083200000, 0x0000000083200000|100%| E|CS|TAMS 0x0000000083100000| PB 0x0000000083100000| Complete 
|  50|0x0000000083200000, 0x0000000083300000, 0x0000000083300000|100%| E|CS|TAMS 0x0000000083200000| PB 0x0000000083200000| Complete 
|  51|0x0000000083300000, 0x0000000083400000, 0x0000000083400000|100%| E|CS|TAMS 0x0000000083300000| PB 0x0000000083300000| Complete 
|  52|0x0000000083400000, 0x0000000083500000, 0x0000000083500000|100%| E|CS|TAMS 0x0000000083400000| PB 0x0000000083400000| Complete 
|  53|0x0000000083500000, 0x0000000083600000, 0x0000000083600000|100%| E|CS|TAMS 0x0000000083500000| PB 0x0000000083500000| Complete 
|  54|0x0000000083600000, 0x0000000083700000, 0x0000000083700000|100%| E|CS|TAMS 0x0000000083600000| PB 0x0000000083600000| Complete 
|  55|0x0000000083700000, 0x0000000083800000, 0x0000000083800000|100%| E|CS|TAMS 0x0000000083700000| PB 0x0000000083700000| Complete 
|  56|0x0000000083800000, 0x0000000083900000, 0x0000000083900000|100%| E|CS|TAMS 0x0000000083800000| PB 0x0000000083800000| Complete 
|  57|0x0000000083900000, 0x0000000083a00000, 0x0000000083a00000|100%| E|CS|TAMS 0x0000000083900000| PB 0x0000000083900000| Complete 
|  58|0x0000000083a00000, 0x0000000083b00000, 0x0000000083b00000|100%| E|CS|TAMS 0x0000000083a00000| PB 0x0000000083a00000| Complete 
|  59|0x0000000083b00000, 0x0000000083c00000, 0x0000000083c00000|100%| E|CS|TAMS 0x0000000083b00000| PB 0x0000000083b00000| Complete 
|  60|0x0000000083c00000, 0x0000000083d00000, 0x0000000083d00000|100%| E|CS|TAMS 0x0000000083c00000| PB 0x0000000083c00000| Complete 
|  61|0x0000000083d00000, 0x0000000083e00000, 0x0000000083e00000|100%| E|CS|TAMS 0x0000000083d00000| PB 0x0000000083d00000| Complete 
|  62|0x0000000083e00000, 0x0000000083f00000, 0x0000000083f00000|100%| E|CS|TAMS 0x0000000083e00000| PB 0x0000000083e00000| Complete 
|  63|0x0000000083f00000, 0x0000000084000000, 0x0000000084000000|100%| E|CS|TAMS 0x0000000083f00000| PB 0x0000000083f00000| Complete 
|  64|0x0000000084000000, 0x0000000084100000, 0x0000000084100000|100%| S|CS|TAMS 0x0000000084000000| PB 0x0000000084000000| Complete 
| 168|0x000000008a800000, 0x000000008a900000, 0x000000008a900000|100%| S|CS|TAMS 0x000000008a800000| PB 0x000000008a800000| Complete 
| 169|0x000000008a900000, 0x000000008aa00000, 0x000000008aa00000|100%| S|CS|TAMS 0x000000008a900000| PB 0x000000008a900000| Complete 
| 170|0x000000008aa00000, 0x000000008ab00000, 0x000000008ab00000|100%| S|CS|TAMS 0x000000008aa00000| PB 0x000000008aa00000| Complete 
| 171|0x000000008ab00000, 0x000000008ac00000, 0x000000008ac00000|100%| S|CS|TAMS 0x000000008ab00000| PB 0x000000008ab00000| Complete 
| 172|0x000000008ac00000, 0x000000008ad00000, 0x000000008ad00000|100%| E|CS|TAMS 0x000000008ac00000| PB 0x000000008ac00000| Complete 
| 173|0x000000008ad00000, 0x000000008ae00000, 0x000000008ae00000|100%| E|CS|TAMS 0x000000008ad00000| PB 0x000000008ad00000| Complete 
| 174|0x000000008ae00000, 0x000000008af00000, 0x000000008af00000|100%| E|CS|TAMS 0x000000008ae00000| PB 0x000000008ae00000| Complete 
| 175|0x000000008af00000, 0x000000008b000000, 0x000000008b000000|100%| E|CS|TAMS 0x000000008af00000| PB 0x000000008af00000| Complete 
| 176|0x000000008b000000, 0x000000008b100000, 0x000000008b100000|100%| E|CS|TAMS 0x000000008b000000| PB 0x000000008b000000| Complete 
| 189|0x000000008bd00000, 0x000000008be00000, 0x000000008be00000|100%| E|CS|TAMS 0x000000008bd00000| PB 0x000000008bd00000| Complete 
|2041|0x00000000ff900000, 0x00000000ffa00000, 0x00000000ffa00000|100%| O|  |TAMS 0x00000000ff900000| PB 0x00000000ff900000| Untracked 
|2042|0x00000000ffa00000, 0x00000000ffb00000, 0x00000000ffb00000|100%| O|  |TAMS 0x00000000ffa00000| PB 0x00000000ffa00000| Untracked 
|2043|0x00000000ffb00000, 0x00000000ffc00000, 0x00000000ffc00000|100%| O|  |TAMS 0x00000000ffb00000| PB 0x00000000ffb00000| Untracked 
|2044|0x00000000ffc00000, 0x00000000ffd00000, 0x00000000ffd00000|100%| O|  |TAMS 0x00000000ffc00000| PB 0x00000000ffc00000| Untracked 
|2045|0x00000000ffd00000, 0x00000000ffe00000, 0x00000000ffe00000|100%| O|  |TAMS 0x00000000ffd00000| PB 0x00000000ffd00000| Untracked 
|2046|0x00000000ffe00000, 0x00000000fff00000, 0x00000000fff00000|100%| O|  |TAMS 0x00000000ffe00000| PB 0x00000000ffe00000| Untracked 
|2047|0x00000000fff00000, 0x0000000100000000, 0x0000000100000000|100%| O|  |TAMS 0x00000000fff00000| PB 0x00000000fff00000| Untracked 

Card table byte_map: [0x000001d9d5940000,0x000001d9d5d40000] _byte_map_base: 0x000001d9d5540000

Marking Bits: (CMBitMap*) 0x000001d9c3105ed0
 Bits: [0x000001d9d5d40000, 0x000001d9d7d40000)

Polling page: 0x000001d9c0ef0000

Metaspace:

Usage:
  Non-class:     32.73 MB used.
      Class:      5.34 MB used.
       Both:     38.07 MB used.

Virtual space:
  Non-class space:       64.00 MB reserved,      33.19 MB ( 52%) committed,  1 nodes.
      Class space:        1.00 GB reserved,       5.75 MB ( <1%) committed,  1 nodes.
             Both:        1.06 GB reserved,      38.94 MB (  4%) committed. 

Chunk freelists:
   Non-Class:  14.86 MB
       Class:  10.12 MB
        Both:  24.98 MB

MaxMetaspaceSize: unlimited
CompressedClassSpaceSize: 1.00 GB
Initial GC threshold: 21.00 MB
Current GC threshold: 59.38 MB
CDS: off
 - commit_granule_bytes: 65536.
 - commit_granule_words: 8192.
 - virtual_space_node_default_size: 8388608.
 - enlarge_chunks_in_place: 1.
 - use_allocation_guard: 0.


Internal statistics:

num_allocs_failed_limit: 9.
num_arena_births: 1546.
num_arena_deaths: 0.
num_vsnodes_births: 2.
num_vsnodes_deaths: 0.
num_space_committed: 623.
num_space_uncommitted: 0.
num_chunks_returned_to_freelist: 9.
num_chunks_taken_from_freelist: 2915.
num_chunk_merges: 6.
num_chunk_splits: 1835.
num_chunks_enlarged: 1104.
num_inconsistent_stats: 0.

CodeHeap 'non-profiled nmethods': size=120000Kb used=2327Kb max_used=2474Kb free=117673Kb
 bounds [0x000001d9cdce0000, 0x000001d9cdf60000, 0x000001d9d5210000]
CodeHeap 'profiled nmethods': size=120000Kb used=6912Kb max_used=7364Kb free=113087Kb
 bounds [0x000001d9c6210000, 0x000001d9c6950000, 0x000001d9cd740000]
CodeHeap 'non-nmethods': size=5760Kb used=1557Kb max_used=1652Kb free=4202Kb
 bounds [0x000001d9cd740000, 0x000001d9cd9b0000, 0x000001d9cdce0000]
CodeCache: size=245760Kb, used=10796Kb, max_used=11490Kb, free=234962Kb
 total_blobs=4176, nmethods=3586, adapters=493, full_count=0
Compilation: enabled, stopped_count=0, restarted_count=0

Compilation events (20 events):
Event: 5.454 Thread 0x000001d9daa03680 nmethod 4041 0x000001d9c641be10 code [0x000001d9c641bfc0, 0x000001d9c641c198]
Event: 5.480 Thread 0x000001d9da9fe9b0 nmethod 4032 0x000001d9cdde9d10 code [0x000001d9cdde9f80, 0x000001d9cddeb1f0]
Event: 5.481 Thread 0x000001d9da9fe9b0 4037       4       java.util.regex.Pattern$BmpCharProperty::match (55 bytes)
Event: 5.484 Thread 0x000001d9da9fe9b0 nmethod 4037 0x000001d9cdd21610 code [0x000001d9cdd217e0, 0x000001d9cdd21ab8]
Event: 5.486 Thread 0x000001d9daa03680 4042       3       java.util.Spliterators$ArraySpliterator::estimateSize (27 bytes)
Event: 5.486 Thread 0x000001d9daa03680 nmethod 4042 0x000001d9c6342590 code [0x000001d9c6342740, 0x000001d9c63428d0]
Event: 5.506 Thread 0x000001d9daa03680 4052       3       java.lang.Character::isUpperCase (5 bytes)
Event: 5.506 Thread 0x000001d9daa03680 nmethod 4052 0x000001d9c6320690 code [0x000001d9c6320860, 0x000001d9c6320ab0]
Event: 5.506 Thread 0x000001d9daa03680 4053       3       java.lang.Character::isUpperCase (9 bytes)
Event: 5.506 Thread 0x000001d9da9fe9b0 4054       4       org.gradle.internal.instantiation.generator.AbstractClassGenerator$ClassGenerationHandler::visitInstanceMethod (1 bytes)
Event: 5.506 Thread 0x000001d9daa03680 nmethod 4053 0x000001d9c6320210 code [0x000001d9c63203c0, 0x000001d9c63205b0]
Event: 5.507 Thread 0x000001d9da9fe9b0 nmethod 4054 0x000001d9cdd1e810 code [0x000001d9cdd1e9a0, 0x000001d9cdd1ea28]
Event: 5.507 Thread 0x000001d9daa03680 4055       3       org.objectweb.asm.MethodWriter::visitJumpInsn (495 bytes)
Event: 5.508 Thread 0x000001d9daa03680 nmethod 4055 0x000001d9c63b2190 code [0x000001d9c63b24e0, 0x000001d9c63b34b8]
Event: 5.508 Thread 0x000001d9daa03680 4057       3       org.objectweb.asm.Frame::setInputFrameFromDescriptor (175 bytes)
Event: 5.509 Thread 0x000001d9daa03680 nmethod 4057 0x000001d9c6214590 code [0x000001d9c62147c0, 0x000001d9c6214f58]
Event: 5.509 Thread 0x000001d9daa03680 4058       3       org.objectweb.asm.Type::getArgumentTypes (94 bytes)
Event: 5.511 Thread 0x000001d9daa03680 nmethod 4058 0x000001d9c62a9410 code [0x000001d9c62a9740, 0x000001d9c62aab78]
Event: 5.511 Thread 0x000001d9daa03680 4059       3       org.gradle.model.internal.asm.ClassVisitorScope::addMethod (34 bytes)
Event: 5.511 Thread 0x000001d9daa03680 nmethod 4059 0x000001d9c6213e10 code [0x000001d9c6214000, 0x000001d9c6214420]

GC Heap History (14 events):
Event: 0.781 GC heap before
{Heap before GC invocations=0 (full 0):
 garbage-first heap   total 194560K, used 22528K [0x0000000080000000, 0x0000000100000000)
  region size 1024K, 23 young (23552K), 0 survivors (0K)
 Metaspace       used 7862K, committed 8000K, reserved 1114112K
  class space    used 736K, committed 768K, reserved 1048576K
}
Event: 0.784 GC heap after
{Heap after GC invocations=1 (full 0):
 garbage-first heap   total 194560K, used 1280K [0x0000000080000000, 0x0000000100000000)
  region size 1024K, 2 young (2048K), 2 survivors (2048K)
 Metaspace       used 7862K, committed 8000K, reserved 1114112K
  class space    used 736K, committed 768K, reserved 1048576K
}
Event: 1.549 GC heap before
{Heap before GC invocations=1 (full 0):
 garbage-first heap   total 194560K, used 42240K [0x0000000080000000, 0x0000000100000000)
  region size 1024K, 39 young (39936K), 2 survivors (2048K)
 Metaspace       used 11586K, committed 11776K, reserved 1114112K
  class space    used 1248K, committed 1344K, reserved 1048576K
}
Event: 1.555 GC heap after
{Heap after GC invocations=2 (full 0):
 garbage-first heap   total 194560K, used 10937K [0x0000000080000000, 0x0000000100000000)
  region size 1024K, 5 young (5120K), 5 survivors (5120K)
 Metaspace       used 11586K, committed 11776K, reserved 1114112K
  class space    used 1248K, committed 1344K, reserved 1048576K
}
Event: 2.618 GC heap before
{Heap before GC invocations=2 (full 0):
 garbage-first heap   total 194560K, used 124601K [0x0000000080000000, 0x0000000100000000)
  region size 1024K, 114 young (116736K), 5 survivors (5120K)
 Metaspace       used 17375K, committed 17728K, reserved 1114112K
  class space    used 2020K, committed 2176K, reserved 1048576K
}
Event: 2.625 GC heap after
{Heap after GC invocations=3 (full 0):
 garbage-first heap   total 194560K, used 19129K [0x0000000080000000, 0x0000000100000000)
  region size 1024K, 12 young (12288K), 12 survivors (12288K)
 Metaspace       used 17375K, committed 17728K, reserved 1114112K
  class space    used 2020K, committed 2176K, reserved 1048576K
}
Event: 3.072 GC heap before
{Heap before GC invocations=3 (full 0):
 garbage-first heap   total 194560K, used 31417K [0x0000000080000000, 0x0000000100000000)
  region size 1024K, 25 young (25600K), 12 survivors (12288K)
 Metaspace       used 21216K, committed 21504K, reserved 1114112K
  class space    used 2502K, committed 2624K, reserved 1048576K
}
Event: 3.079 GC heap after
{Heap after GC invocations=4 (full 0):
 garbage-first heap   total 194560K, used 21153K [0x0000000080000000, 0x0000000100000000)
  region size 1024K, 9 young (9216K), 9 survivors (9216K)
 Metaspace       used 21216K, committed 21504K, reserved 1114112K
  class space    used 2502K, committed 2624K, reserved 1048576K
}
Event: 3.968 GC heap before
{Heap before GC invocations=5 (full 0):
 garbage-first heap   total 71680K, used 70305K [0x0000000080000000, 0x0000000100000000)
  region size 1024K, 58 young (59392K), 9 survivors (9216K)
 Metaspace       used 29507K, committed 30016K, reserved 1114112K
  class space    used 3854K, committed 4096K, reserved 1048576K
}
Event: 3.974 GC heap after
{Heap after GC invocations=6 (full 0):
 garbage-first heap   total 83968K, used 23860K [0x0000000080000000, 0x0000000100000000)
  region size 1024K, 5 young (5120K), 5 survivors (5120K)
 Metaspace       used 29507K, committed 30016K, reserved 1114112K
  class space    used 3854K, committed 4096K, reserved 1048576K
}
Event: 4.733 GC heap before
{Heap before GC invocations=6 (full 0):
 garbage-first heap   total 83968K, used 64820K [0x0000000080000000, 0x0000000100000000)
  region size 1024K, 46 young (47104K), 5 survivors (5120K)
 Metaspace       used 35173K, committed 35968K, reserved 1114112K
  class space    used 4861K, committed 5248K, reserved 1048576K
}
Event: 4.738 GC heap after
{Heap after GC invocations=7 (full 0):
 garbage-first heap   total 83968K, used 26440K [0x0000000080000000, 0x0000000100000000)
  region size 1024K, 6 young (6144K), 6 survivors (6144K)
 Metaspace       used 35173K, committed 35968K, reserved 1114112K
  class space    used 4861K, committed 5248K, reserved 1048576K
}
Event: 4.850 GC heap before
{Heap before GC invocations=7 (full 0):
 garbage-first heap   total 83968K, used 39752K [0x0000000080000000, 0x0000000100000000)
  region size 1024K, 12 young (12288K), 6 survivors (6144K)
 Metaspace       used 35523K, committed 36288K, reserved 1114112K
  class space    used 4924K, committed 5312K, reserved 1048576K
}
Event: 4.854 GC heap after
{Heap after GC invocations=8 (full 0):
 garbage-first heap   total 83968K, used 36864K [0x0000000080000000, 0x0000000100000000)
  region size 1024K, 5 young (5120K), 5 survivors (5120K)
 Metaspace       used 35523K, committed 36288K, reserved 1114112K
  class space    used 4924K, committed 5312K, reserved 1048576K
}

Dll operation events (3 events):
Event: 0.009 Loaded shared library C:\Program Files\Android\Android Studio\jbr\bin\java.dll
Event: 0.014 Loaded shared library C:\Program Files\Android\Android Studio\jbr\bin\zip.dll
Event: 1.132 Loaded shared library C:\Program Files\Android\Android Studio\jbr\bin\verify.dll

Deoptimization events (20 events):
Event: 4.961 Thread 0x000001d9dfde31f0 DEOPT PACKING pc=0x000001d9c679b021 sp=0x00000080865f99f0
Event: 4.961 Thread 0x000001d9dfde31f0 DEOPT UNPACKING pc=0x000001d9cd7985e2 sp=0x00000080865f8ef0 mode 0
Event: 4.963 Thread 0x000001d9dfde31f0 DEOPT PACKING pc=0x000001d9c6927da1 sp=0x00000080865f95e0
Event: 4.963 Thread 0x000001d9dfde31f0 DEOPT UNPACKING pc=0x000001d9cd7985e2 sp=0x00000080865f8b50 mode 0
Event: 5.051 Thread 0x000001d9dfde31f0 DEOPT PACKING pc=0x000001d9c6927da1 sp=0x00000080865fad50
Event: 5.052 Thread 0x000001d9dfde31f0 DEOPT UNPACKING pc=0x000001d9cd7985e2 sp=0x00000080865fa2c0 mode 0
Event: 5.058 Thread 0x000001d9dfde31f0 DEOPT PACKING pc=0x000001d9c6927da1 sp=0x00000080865fad50
Event: 5.058 Thread 0x000001d9dfde31f0 DEOPT UNPACKING pc=0x000001d9cd7985e2 sp=0x00000080865fa2c0 mode 0
Event: 5.066 Thread 0x000001d9dfde31f0 DEOPT PACKING pc=0x000001d9c6927da1 sp=0x00000080865facf0
Event: 5.066 Thread 0x000001d9dfde31f0 DEOPT UNPACKING pc=0x000001d9cd7985e2 sp=0x00000080865fa260 mode 0
Event: 5.072 Thread 0x000001d9dfde31f0 DEOPT PACKING pc=0x000001d9c6927da1 sp=0x00000080865facc0
Event: 5.072 Thread 0x000001d9dfde31f0 DEOPT UNPACKING pc=0x000001d9cd7985e2 sp=0x00000080865fa230 mode 0
Event: 5.252 Thread 0x000001d9dfde31f0 Uncommon trap: trap_request=0xffffff45 fr.pc=0x000001d9cdd2eafc relative=0x000000000000023c
Event: 5.252 Thread 0x000001d9dfde31f0 Uncommon trap: reason=unstable_if action=reinterpret pc=0x000001d9cdd2eafc method=java.lang.StringLatin1.hashCode([B)I @ 2 c2
Event: 5.252 Thread 0x000001d9dfde31f0 DEOPT PACKING pc=0x000001d9cdd2eafc sp=0x00000080865f6230
Event: 5.252 Thread 0x000001d9dfde31f0 DEOPT UNPACKING pc=0x000001d9cd797aa2 sp=0x00000080865f61c8 mode 2
Event: 5.252 Thread 0x000001d9dfde31f0 Uncommon trap: trap_request=0xffffff45 fr.pc=0x000001d9cdd5dde4 relative=0x00000000000000a4
Event: 5.252 Thread 0x000001d9dfde31f0 Uncommon trap: reason=unstable_if action=reinterpret pc=0x000001d9cdd5dde4 method=java.lang.String.hashCode()I @ 42 c2
Event: 5.252 Thread 0x000001d9dfde31f0 DEOPT PACKING pc=0x000001d9cdd5dde4 sp=0x00000080865f6260
Event: 5.252 Thread 0x000001d9dfde31f0 DEOPT UNPACKING pc=0x000001d9cd797aa2 sp=0x00000080865f61f0 mode 2

Classes loaded (20 events):
Event: 5.015 Loading class java/util/concurrent/locks/ReadWriteLock done
Event: 5.016 Loading class java/util/concurrent/locks/ReentrantReadWriteLock done
Event: 5.016 Loading class java/util/concurrent/locks/ReentrantReadWriteLock$NonfairSync
Event: 5.016 Loading class java/util/concurrent/locks/ReentrantReadWriteLock$Sync
Event: 5.016 Loading class java/util/concurrent/locks/ReentrantReadWriteLock$Sync done
Event: 5.016 Loading class java/util/concurrent/locks/ReentrantReadWriteLock$NonfairSync done
Event: 5.016 Loading class java/util/concurrent/locks/ReentrantReadWriteLock$Sync$ThreadLocalHoldCounter
Event: 5.016 Loading class java/util/concurrent/locks/ReentrantReadWriteLock$Sync$ThreadLocalHoldCounter done
Event: 5.016 Loading class java/util/concurrent/locks/ReentrantReadWriteLock$ReadLock
Event: 5.016 Loading class java/util/concurrent/locks/ReentrantReadWriteLock$ReadLock done
Event: 5.016 Loading class java/util/concurrent/locks/ReentrantReadWriteLock$WriteLock
Event: 5.016 Loading class java/util/concurrent/locks/ReentrantReadWriteLock$WriteLock done
Event: 5.039 Loading class java/util/concurrent/Executors$AutoShutdownDelegatedExecutorService
Event: 5.039 Loading class java/util/concurrent/Executors$DelegatedExecutorService
Event: 5.039 Loading class java/util/concurrent/Executors$DelegatedExecutorService done
Event: 5.039 Loading class java/util/concurrent/Executors$AutoShutdownDelegatedExecutorService done
Event: 5.257 Loading class java/lang/StringIndexOutOfBoundsException
Event: 5.257 Loading class java/lang/StringIndexOutOfBoundsException done
Event: 5.496 Loading class jdk/internal/reflect/MethodHandleIntegerFieldAccessorImpl
Event: 5.496 Loading class jdk/internal/reflect/MethodHandleIntegerFieldAccessorImpl done

Classes unloaded (0 events):
No events

Classes redefined (0 events):
No events

Internal exceptions (20 events):
Event: 4.996 Thread 0x000001d9dfde31f0 Exception <a 'java/lang/NoSuchMethodError'{0x0000000083c640e8}: static Lorg/gradle/tooling/internal/consumer/versioning/VersionDetails$R35VersionDetails;.<clinit>()V> (0x0000000083c640e8) 
thrown [s\src\hotspot\share\prims\jni.cpp, line 1144]
Event: 4.996 Thread 0x000001d9dfde31f0 Exception <a 'java/lang/NoSuchMethodError'{0x0000000083c65858}: static Lorg/gradle/tooling/internal/consumer/versioning/VersionDetails$R44VersionDetails;.<clinit>()V> (0x0000000083c65858) 
thrown [s\src\hotspot\share\prims\jni.cpp, line 1144]
Event: 4.996 Thread 0x000001d9dfde31f0 Exception <a 'java/lang/NoSuchMethodError'{0x0000000083c66f00}: static Lorg/gradle/tooling/internal/consumer/versioning/VersionDetails$R48VersionDetails;.<clinit>()V> (0x0000000083c66f00) 
thrown [s\src\hotspot\share\prims\jni.cpp, line 1144]
Event: 4.997 Thread 0x000001d9dfde31f0 Exception <a 'java/lang/NoSuchMethodError'{0x0000000083c68198}: static Lorg/gradle/tooling/internal/consumer/versioning/VersionDetails$R51VersionDetails;.<clinit>()V> (0x0000000083c68198) 
thrown [s\src\hotspot\share\prims\jni.cpp, line 1144]
Event: 5.001 Thread 0x000001d9dfde31f0 Exception <a 'java/lang/NoSuchMethodError'{0x0000000083c86830}: 'java.lang.Object java.lang.invoke.DirectMethodHandle$Holder.newInvokeSpecial(java.lang.Object, java.lang.Object, java.lang.Object, int)'> (0x0000000083c86830) 
thrown [s\src\hotspot\share\interpreter\linkResolver.cpp, line 784]
Event: 5.002 Thread 0x000001d9dfde31f0 Exception <a 'java/lang/NoSuchMethodError'{0x0000000083c8ac58}: 'java.lang.Object java.lang.invoke.DirectMethodHandle$Holder.invokeSpecial(java.lang.Object, java.lang.Object, java.lang.Object, java.lang.Object, int)'> (0x0000000083c8ac58) 
thrown [s\src\hotspot\share\interpreter\linkResolver.cpp, line 784]
Event: 5.002 Thread 0x000001d9dfde31f0 Exception <a 'java/lang/NoSuchMethodError'{0x0000000083c8e860}: 'java.lang.Object java.lang.invoke.Invokers$Holder.linkToTargetMethod(java.lang.Object, java.lang.Object, int, java.lang.Object)'> (0x0000000083c8e860) 
thrown [s\src\hotspot\share\interpreter\linkResolver.cpp, line 784]
Event: 5.159 Thread 0x000001d9dfde31f0 Exception <a 'java/lang/NoSuchMethodError'{0x00000000835e03e0}: 'void java.lang.invoke.DirectMethodHandle$Holder.invokeStaticInit(java.lang.Object, java.lang.Object, java.lang.Object, java.lang.Object)'> (0x00000000835e03e0) 
thrown [s\src\hotspot\share\interpreter\linkResolver.cpp, line 784]
Event: 5.295 Thread 0x000001d9dfde31f0 Exception <a 'sun/nio/fs/WindowsException'{0x00000000831c6000}> (0x00000000831c6000) 
thrown [s\src\hotspot\share\prims\jni.cpp, line 537]
Event: 5.296 Thread 0x000001d9dfde31f0 Exception <a 'sun/nio/fs/WindowsException'{0x00000000831c9970}> (0x00000000831c9970) 
thrown [s\src\hotspot\share\prims\jni.cpp, line 537]
Event: 5.299 Thread 0x000001d9dfde31f0 Exception <a 'sun/nio/fs/WindowsException'{0x00000000831d5f40}> (0x00000000831d5f40) 
thrown [s\src\hotspot\share\prims\jni.cpp, line 537]
Event: 5.323 Thread 0x000001d9dfde31f0 Exception <a 'sun/nio/fs/WindowsException'{0x0000000082f1f438}> (0x0000000082f1f438) 
thrown [s\src\hotspot\share\prims\jni.cpp, line 537]
Event: 5.324 Thread 0x000001d9dfde31f0 Exception <a 'sun/nio/fs/WindowsException'{0x0000000082f20948}> (0x0000000082f20948) 
thrown [s\src\hotspot\share\prims\jni.cpp, line 537]
Event: 5.324 Thread 0x000001d9dfde31f0 Exception <a 'sun/nio/fs/WindowsException'{0x0000000082f21e58}> (0x0000000082f21e58) 
thrown [s\src\hotspot\share\prims\jni.cpp, line 537]
Event: 5.324 Thread 0x000001d9dfde31f0 Exception <a 'sun/nio/fs/WindowsException'{0x0000000082f232e0}> (0x0000000082f232e0) 
thrown [s\src\hotspot\share\prims\jni.cpp, line 537]
Event: 5.334 Thread 0x000001d9dfde31f0 Exception <a 'java/lang/NoSuchMethodError'{0x0000000082f6a380}: 'void java.lang.invoke.DirectMethodHandle$Holder.invokeInterface(java.lang.Object, java.lang.Object, java.lang.Object, java.lang.Object, java.lang.Object)'> (0x0000000082f6a380) 
thrown [s\src\hotspot\share\interpreter\linkResolver.cpp, line 784]
Event: 5.337 Thread 0x000001d9dfde31f0 Exception <a 'java/lang/NoSuchMethodError'{0x0000000082f89158}: 'void java.lang.invoke.DirectMethodHandle$Holder.invokeStatic(java.lang.Object, java.lang.Object, java.lang.Object, java.lang.Object, java.lang.Object, java.lang.Object, java.lang.Object)'> (0x0000000082f89158) 
thrown [s\src\hotspot\share\interpreter\linkResolver.cpp, line 784]
Event: 5.490 Thread 0x000001d9dfde31f0 Exception <a 'java/lang/NoSuchMethodError'{0x0000000082808f70}: 'java.lang.Object java.lang.invoke.DirectMethodHandle$Holder.newInvokeSpecial(java.lang.Object, java.lang.Object, int, int)'> (0x0000000082808f70) 
thrown [s\src\hotspot\share\interpreter\linkResolver.cpp, line 784]
Event: 5.497 Thread 0x000001d9dfde31f0 Exception <a 'java/lang/NoSuchMethodError'{0x00000000828436f8}: 'void java.lang.invoke.DirectMethodHandle$Holder.invokeSpecial(java.lang.Object, java.lang.Object, int)'> (0x00000000828436f8) 
thrown [s\src\hotspot\share\interpreter\linkResolver.cpp, line 784]
Event: 5.497 Thread 0x000001d9dfde31f0 Exception <a 'java/lang/NoSuchMethodError'{0x0000000082847c98}: 'void java.lang.invoke.Invokers$Holder.invokeExact_MT(java.lang.Object, int, java.lang.Object)'> (0x0000000082847c98) 
thrown [s\src\hotspot\share\interpreter\linkResolver.cpp, line 784]

ZGC Phase Switch (0 events):
No events

VM Operations (20 events):
Event: 3.737 Executing VM operation: HandshakeAllThreads (Deoptimize)
Event: 3.737 Executing VM operation: HandshakeAllThreads (Deoptimize) done
Event: 3.738 Executing VM operation: HandshakeAllThreads (Deoptimize)
Event: 3.738 Executing VM operation: HandshakeAllThreads (Deoptimize) done
Event: 3.967 Executing VM operation: G1CollectForAllocation (G1 Evacuation Pause)
Event: 3.975 Executing VM operation: G1CollectForAllocation (G1 Evacuation Pause) done
Event: 4.731 Executing VM operation: HandshakeAllThreads (Deoptimize)
Event: 4.731 Executing VM operation: HandshakeAllThreads (Deoptimize) done
Event: 4.731 Executing VM operation: HandshakeAllThreads (Deoptimize)
Event: 4.732 Executing VM operation: HandshakeAllThreads (Deoptimize) done
Event: 4.733 Executing VM operation: CollectForMetadataAllocation (Metadata GC Threshold)
Event: 4.738 Executing VM operation: CollectForMetadataAllocation (Metadata GC Threshold) done
Event: 4.850 Executing VM operation: CollectForMetadataAllocation (Metadata GC Threshold)
Event: 4.854 Executing VM operation: CollectForMetadataAllocation (Metadata GC Threshold) done
Event: 4.868 Executing VM operation: G1PauseRemark
Event: 4.871 Executing VM operation: G1PauseRemark done
Event: 4.876 Executing VM operation: G1PauseCleanup
Event: 4.876 Executing VM operation: G1PauseCleanup done
Event: 5.301 Executing VM operation: HandshakeAllThreads (Deoptimize)
Event: 5.302 Executing VM operation: HandshakeAllThreads (Deoptimize) done

Memory protections (0 events):
No events

Nmethod flushes (20 events):
Event: 4.870 Thread 0x000001d9da9833b0 flushing  nmethod 0x000001d9c632c990
Event: 4.870 Thread 0x000001d9da9833b0 flushing  nmethod 0x000001d9c632cd90
Event: 4.870 Thread 0x000001d9da9833b0 flushing  nmethod 0x000001d9c632e190
Event: 4.870 Thread 0x000001d9da9833b0 flushing  nmethod 0x000001d9c632ff10
Event: 4.870 Thread 0x000001d9da9833b0 flushing  nmethod 0x000001d9c6330290
Event: 4.870 Thread 0x000001d9da9833b0 flushing  nmethod 0x000001d9c6330690
Event: 4.870 Thread 0x000001d9da9833b0 flushing  nmethod 0x000001d9c6331590
Event: 4.870 Thread 0x000001d9da9833b0 flushing  nmethod 0x000001d9c6332590
Event: 4.870 Thread 0x000001d9da9833b0 flushing  nmethod 0x000001d9c637b610
Event: 4.870 Thread 0x000001d9da9833b0 flushing  nmethod 0x000001d9c637bb10
Event: 4.870 Thread 0x000001d9da9833b0 flushing  nmethod 0x000001d9c63b6090
Event: 4.870 Thread 0x000001d9da9833b0 flushing  nmethod 0x000001d9c63b8610
Event: 4.870 Thread 0x000001d9da9833b0 flushing  nmethod 0x000001d9c63b9a10
Event: 4.870 Thread 0x000001d9da9833b0 flushing  nmethod 0x000001d9c6401510
Event: 4.870 Thread 0x000001d9da9833b0 flushing  nmethod 0x000001d9c6443110
Event: 4.870 Thread 0x000001d9da9833b0 flushing  nmethod 0x000001d9c645fe10
Event: 4.870 Thread 0x000001d9da9833b0 flushing  nmethod 0x000001d9c652aa90
Event: 4.870 Thread 0x000001d9da9833b0 flushing  nmethod 0x000001d9c6565210
Event: 4.870 Thread 0x000001d9da9833b0 flushing  nmethod 0x000001d9c65f4590
Event: 4.870 Thread 0x000001d9da9833b0 flushing  nmethod 0x000001d9c66cf890

Events (20 events):
Event: 3.115 Thread 0x000001d9e16c6260 Thread added: 0x000001d9dfde3880
Event: 3.125 Thread 0x000001d9e16c6260 Thread added: 0x000001d9dfde31f0
Event: 3.134 Thread 0x000001d9dfde31f0 Thread added: 0x000001d9dfde3f10
Event: 3.137 Thread 0x000001d9dfde31f0 Thread added: 0x000001d9dfde45a0
Event: 3.139 Thread 0x000001d9dfde31f0 Thread added: 0x000001d9e1c9c5f0
Event: 3.478 Thread 0x000001d9dfde31f0 Thread added: 0x000001d9e1c9bf60
Event: 3.486 Thread 0x000001d9dfde31f0 Thread added: 0x000001d9e1c9ed50
Event: 3.511 Thread 0x000001d9dfde31f0 Thread added: 0x000001d9e1c9cc80
Event: 4.503 Thread 0x000001d9dfde31f0 Thread added: 0x000001d9e1c9d9a0
Event: 4.520 Thread 0x000001d9dfde31f0 Thread added: 0x000001d9e1c9e030
Event: 4.694 Thread 0x000001d9dfde31f0 Thread added: 0x000001d9e1c9e6c0
Event: 4.699 Thread 0x000001d9dfde31f0 Thread added: 0x000001d9e1c9b8d0
Event: 4.808 Thread 0x000001d9dfde31f0 Thread added: 0x000001d9e1c9fa70
Event: 4.809 Thread 0x000001d9dfde31f0 Thread added: 0x000001d9e1ca2860
Event: 4.809 Thread 0x000001d9dfde31f0 Thread added: 0x000001d9e1ca0100
Event: 4.809 Thread 0x000001d9dfde31f0 Thread added: 0x000001d9e1c9f3e0
Event: 4.809 Thread 0x000001d9dfde31f0 Thread added: 0x000001d9e1ca0790
Event: 4.809 Thread 0x000001d9dfde31f0 Thread added: 0x000001d9e1ca0e20
Event: 4.809 Thread 0x000001d9dfde31f0 Thread added: 0x000001d9e1ca14b0
Event: 4.809 Thread 0x000001d9dfde31f0 Thread added: 0x000001d9e1ca1b40


Dynamic libraries:
0x00007ff748060000 - 0x00007ff74806a000 	C:\Program Files\Android\Android Studio\jbr\bin\java.exe
0x00007ffdd54a0000 - 0x00007ffdd5707000 	C:\WINDOWS\SYSTEM32\ntdll.dll
0x00007ffdd4380000 - 0x00007ffdd4449000 	C:\WINDOWS\System32\KERNEL32.DLL
0x00007ffdd2d90000 - 0x00007ffdd3187000 	C:\WINDOWS\System32\KERNELBASE.dll
0x00007ffdd2240000 - 0x00007ffdd238b000 	C:\WINDOWS\System32\ucrtbase.dll
0x00007ffdcc730000 - 0x00007ffdcc74b000 	C:\Program Files\Android\Android Studio\jbr\bin\VCRUNTIME140.dll
0x00007ffdc0c00000 - 0x00007ffdc0c18000 	C:\Program Files\Android\Android Studio\jbr\bin\jli.dll
0x00007ffdd3310000 - 0x00007ffdd34d6000 	C:\WINDOWS\System32\USER32.dll
0x00007ffdd2390000 - 0x00007ffdd23b7000 	C:\WINDOWS\System32\win32u.dll
0x00007ffdd0fd0000 - 0x00007ffdd1262000 	C:\WINDOWS\WinSxS\amd64_microsoft.windows.common-controls_6595b64144ccf1df_6.0.26100.8457_none_3e0b2faee331e92d\COMCTL32.dll
0x00007ffdd3b30000 - 0x00007ffdd3b5b000 	C:\WINDOWS\System32\GDI32.dll
0x00007ffdd35f0000 - 0x00007ffdd3699000 	C:\WINDOWS\System32\msvcrt.dll
0x00007ffdd1ed0000 - 0x00007ffdd1ffc000 	C:\WINDOWS\System32\gdi32full.dll
0x00007ffdd2ce0000 - 0x00007ffdd2d83000 	C:\WINDOWS\System32\msvcp_win.dll
0x00007ffdd3be0000 - 0x00007ffdd3c12000 	C:\WINDOWS\System32\IMM32.DLL
0x00007ffdcc720000 - 0x00007ffdcc72c000 	C:\Program Files\Android\Android Studio\jbr\bin\vcruntime140_1.dll
0x00007ffda4790000 - 0x00007ffda481d000 	C:\Program Files\Android\Android Studio\jbr\bin\msvcp140.dll
0x00007ffd5e780000 - 0x00007ffd5f416000 	C:\Program Files\Android\Android Studio\jbr\bin\server\jvm.dll
0x00007ffdd42c0000 - 0x00007ffdd4376000 	C:\WINDOWS\System32\ADVAPI32.dll
0x00007ffdd4a30000 - 0x00007ffdd4ad7000 	C:\WINDOWS\System32\sechost.dll
0x00007ffdd5260000 - 0x00007ffdd5378000 	C:\WINDOWS\System32\RPCRT4.dll
0x00007ffdd3220000 - 0x00007ffdd32a0000 	C:\WINDOWS\System32\WS2_32.dll
0x00007ffdd1d30000 - 0x00007ffdd1d8e000 	C:\WINDOWS\SYSTEM32\POWRPROF.dll
0x00007ffdc21a0000 - 0x00007ffdc21d6000 	C:\WINDOWS\SYSTEM32\WINMM.dll
0x00007ffdc88d0000 - 0x00007ffdc88db000 	C:\WINDOWS\SYSTEM32\VERSION.dll
0x00007ffdd1d10000 - 0x00007ffdd1d24000 	C:\WINDOWS\SYSTEM32\UMPDC.dll
0x00007ffdd03a0000 - 0x00007ffdd03bb000 	C:\WINDOWS\SYSTEM32\kernel.appcore.dll
0x00007ffdcc710000 - 0x00007ffdcc71a000 	C:\Program Files\Android\Android Studio\jbr\bin\jimage.dll
0x00007ffdd17a0000 - 0x00007ffdd19e2000 	C:\WINDOWS\SYSTEM32\DBGHELP.DLL
0x00007ffdd3c20000 - 0x00007ffdd3fa3000 	C:\WINDOWS\System32\combase.dll
0x00007ffdd4730000 - 0x00007ffdd4809000 	C:\WINDOWS\System32\OLEAUT32.dll
0x00007ffdd1570000 - 0x00007ffdd15ab000 	C:\WINDOWS\SYSTEM32\dbgcore.DLL
0x00007ffdd2c30000 - 0x00007ffdd2cd8000 	C:\WINDOWS\System32\bcryptPrimitives.dll
0x00007ffdc1010000 - 0x00007ffdc101e000 	C:\Program Files\Android\Android Studio\jbr\bin\instrument.dll
0x00007ffdcbcd0000 - 0x00007ffdcbcf0000 	C:\Program Files\Android\Android Studio\jbr\bin\java.dll
0x00007ffdc29e0000 - 0x00007ffdc29f8000 	C:\Program Files\Android\Android Studio\jbr\bin\zip.dll
0x00007ffdd4ae0000 - 0x00007ffdd524e000 	C:\WINDOWS\System32\SHELL32.dll
0x00007ffdd23c0000 - 0x00007ffdd2c2c000 	C:\WINDOWS\System32\windows.storage.dll
0x00007ffdd41c0000 - 0x00007ffdd42b6000 	C:\WINDOWS\System32\SHCORE.dll
0x00007ffdd3fb0000 - 0x00007ffdd4016000 	C:\WINDOWS\System32\shlwapi.dll
0x00007ffdd1df0000 - 0x00007ffdd1e19000 	C:\WINDOWS\SYSTEM32\profapi.dll
0x00007ffdc29d0000 - 0x00007ffdc29e0000 	C:\Program Files\Android\Android Studio\jbr\bin\net.dll
0x00007ffdca4c0000 - 0x00007ffdca5e9000 	C:\WINDOWS\SYSTEM32\WINHTTP.dll
0x00007ffdd0a70000 - 0x00007ffdd0adc000 	C:\WINDOWS\system32\mswsock.dll
0x00007ffdc1ca0000 - 0x00007ffdc1cb6000 	C:\Program Files\Android\Android Studio\jbr\bin\nio.dll
0x00007ffdc1590000 - 0x00007ffdc15a0000 	C:\Program Files\Android\Android Studio\jbr\bin\verify.dll
0x00007ffdc0b90000 - 0x00007ffdc0bb7000 	C:\Users\ibtis\.gradle\native\c067742578af261105cb4f569cf0c3c89f3d7b1fecec35dd04571415982c5e48\windows-amd64\native-platform.dll
0x00007ffd681b0000 - 0x00007ffd682f4000 	C:\Users\ibtis\.gradle\native\100fb08df4bc3b14c8652ba06237920a3bd2aa13389f12d3474272988ae205f9\windows-amd64\native-platform-file-events.dll
0x00007ffdc1bf0000 - 0x00007ffdc1bf9000 	C:\Program Files\Android\Android Studio\jbr\bin\management.dll
0x00007ffdc1bc0000 - 0x00007ffdc1bcb000 	C:\Program Files\Android\Android Studio\jbr\bin\management_ext.dll
0x00007ffdd4450000 - 0x00007ffdd4458000 	C:\WINDOWS\System32\PSAPI.DLL
0x00007ffdd19f0000 - 0x00007ffdd1a0b000 	C:\WINDOWS\SYSTEM32\CRYPTSP.dll
0x00007ffdd0300000 - 0x00007ffdd0339000 	C:\WINDOWS\system32\rsaenh.dll
0x00007ffdd0b20000 - 0x00007ffdd0b53000 	C:\WINDOWS\SYSTEM32\USERENV.dll
0x00007ffdd1dc0000 - 0x00007ffdd1dea000 	C:\WINDOWS\SYSTEM32\bcrypt.dll
0x00007ffdd0e80000 - 0x00007ffdd0e8c000 	C:\WINDOWS\SYSTEM32\CRYPTBASE.dll
0x00007ffdcfd80000 - 0x00007ffdcfdb2000 	C:\WINDOWS\SYSTEM32\IPHLPAPI.DLL
0x00007ffdd48c0000 - 0x00007ffdd48ca000 	C:\WINDOWS\System32\NSI.dll
0x00007ffdc29c0000 - 0x00007ffdc29c9000 	C:\Program Files\Android\Android Studio\jbr\bin\extnet.dll
0x00007ffdc0570000 - 0x00007ffdc0578000 	C:\WINDOWS\system32\wshunix.dll

JVMTI agents:
C:\Users\ibtis\.gradle\wrapper\dists\gradle-8.10.2-bin\a04bxjujx95o3nb99gddekhwo\gradle-8.10.2\lib\agents\gradle-instrumentation-agent-8.10.2.jar path:C:\Program Files\Android\Android Studio\jbr\bin\instrument.dll, loaded, initialized, instrumentlib options:none

dbghelp: loaded successfully - version: 4.0.5 - missing functions: none
symbol engine: initialized successfully - sym options: 0x614 - pdb path: .;C:\Program Files\Android\Android Studio\jbr\bin;C:\WINDOWS\SYSTEM32;C:\WINDOWS\WinSxS\amd64_microsoft.windows.common-controls_6595b64144ccf1df_6.0.26100.8457_none_3e0b2faee331e92d;C:\Program Files\Android\Android Studio\jbr\bin\server;C:\Users\ibtis\.gradle\native\c067742578af261105cb4f569cf0c3c89f3d7b1fecec35dd04571415982c5e48\windows-amd64;C:\Users\ibtis\.gradle\native\100fb08df4bc3b14c8652ba06237920a3bd2aa13389f12d3474272988ae205f9\windows-amd64

VM Arguments:
jvm_args: --add-opens=java.base/java.util=ALL-UNNAMED --add-opens=java.base/java.lang=ALL-UNNAMED --add-opens=java.base/java.lang.invoke=ALL-UNNAMED --add-opens=java.prefs/java.util.prefs=ALL-UNNAMED --add-exports=jdk.compiler/com.sun.tools.javac.api=ALL-UNNAMED --add-exports=jdk.compiler/com.sun.tools.javac.util=ALL-UNNAMED --add-opens=java.base/java.nio.charset=ALL-UNNAMED --add-opens=java.base/java.net=ALL-UNNAMED --add-opens=java.base/java.util.concurrent.atomic=ALL-UNNAMED -Xmx2048m -Dfile.encoding=UTF-8 -Duser.country=FR -Duser.language=fr -Duser.variant -javaagent:C:\Users\ibtis\.gradle\wrapper\dists\gradle-8.10.2-bin\a04bxjujx95o3nb99gddekhwo\gradle-8.10.2\lib\agents\gradle-instrumentation-agent-8.10.2.jar 
java_command: org.gradle.launcher.daemon.bootstrap.GradleDaemon 8.10.2
java_class_path (initial): C:\Users\ibtis\.gradle\wrapper\dists\gradle-8.10.2-bin\a04bxjujx95o3nb99gddekhwo\gradle-8.10.2\lib\gradle-daemon-main-8.10.2.jar
Launcher Type: SUN_STANDARD

[Global flags]
     intx CICompilerCount                          = 4                                         {product} {ergonomic}
     uint ConcGCThreads                            = 2                                         {product} {ergonomic}
     uint G1ConcRefinementThreads                  = 8                                         {product} {ergonomic}
   size_t G1HeapRegionSize                         = 1048576                                   {product} {ergonomic}
    uintx GCDrainStackTargetSize                   = 64                                        {product} {ergonomic}
   size_t InitialHeapSize                          = 199229440                                 {product} {ergonomic}
   size_t MarkStackSize                            = 4194304                                   {product} {ergonomic}
   size_t MaxHeapSize                              = 2147483648                                {product} {command line}
   size_t MaxNewSize                               = 1287651328                                {product} {ergonomic}
   size_t MinHeapDeltaBytes                        = 1048576                                   {product} {ergonomic}
   size_t MinHeapSize                              = 8388608                                   {product} {ergonomic}
    uintx NonNMethodCodeHeapSize                   = 5839372                                {pd product} {ergonomic}
    uintx NonProfiledCodeHeapSize                  = 122909434                              {pd product} {ergonomic}
    uintx ProfiledCodeHeapSize                     = 122909434                              {pd product} {ergonomic}
    uintx ReservedCodeCacheSize                    = 251658240                              {pd product} {ergonomic}
     bool SegmentedCodeCache                       = true                                      {product} {ergonomic}
   size_t SoftMaxHeapSize                          = 2147483648                             {manageable} {ergonomic}
     bool UseCompressedOops                        = true                           {product lp64_product} {ergonomic}
     bool UseG1GC                                  = true                                      {product} {ergonomic}
     bool UseLargePagesIndividualAllocation        = false                                  {pd product} {ergonomic}

Logging:
Log output configuration:
 #0: stdout all=warning uptime,level,tags foldmultilines=false
 #1: stderr all=off uptime,level,tags foldmultilines=false

Release file:
JAVA_VERSION="21.0.9" 
MODULES="java.base java.compiler java.datatransfer java.xml java.prefs java.desktop java.instrument java.logging java.management java.security.sasl java.naming java.rmi java.management.rmi java.net.http java.scripting java.security.jgss java.transaction.xa java.sql java.sql.rowset java.xml.crypto java.se java.smartcardio jdk.accessibility jdk.internal.jvmstat jdk.attach jdk.charsets jdk.internal.opt jdk.zipfs jdk.compiler jdk.crypto.ec jdk.crypto.cryptoki jdk.dynalink jdk.hotspot.agent jdk.httpserver jdk.internal.ed jdk.internal.le jdk.internal.vm.ci jdk.jartool jdk.javadoc jdk.jcmd jdk.jdeps jdk.jdwp.agent jdk.jdi jdk.jfr jdk.jlink jdk.jsobject jdk.localedata jdk.management jdk.management.agent jdk.management.jfr jdk.naming.dns jdk.naming.rmi jdk.net jdk.sctp jdk.security.auth jdk.security.jgss jdk.unsupported jdk.unsupported.desktop jdk.xml.dom" 
IMPLEMENTOR="JetBrains s.r.o." 
JAVA_RUNTIME_VERSION="21.0.9+-14787801-b1163.94" 
LIBC="default" 
OS_ARCH="x86_64" 
OS_NAME="Windows" 
SOURCE=".:git:0c757ddc9f2f" 

Environment Variables:
PATH=C:\Program Files\Common Files\Oracle\Java\javapath;C:\Program Files (x86)\VMware\VMware Workstation\bin\;C:\WINDOWS\system32;C:\WINDOWS;C:\WINDOWS\System32\Wbem;C:\WINDOWS\System32\WindowsPowerShell\v1.0\;C:\WINDOWS\System32\OpenSSH\;C:\Program Files\dotnet\;C:\php;C:\Program Files\Git\cmd;C:\Program Files\Maven\apache-maven-3.9.15\bin;C:\Program Files\nodejs\;C:\Program Files\Docker\Docker\resources\bin;C:\Program Files\MySQL\MySQL Shell 8.0\bin\;C:\Users\ibtis\AppData\Local\Programs\Python\Python312\Scripts\;C:\Users\ibtis\AppData\Local\Programs\Python\Python312\;C:\Users\ibtis\AppData\Local\Programs\Python\Launcher\;C:\Users\ibtis\AppData\Local\Microsoft\WindowsApps;C:\Users\ibtis\AppData\Local\Programs\Microsoft VS Code\bin;C:\Program Files\Java\jdk-25.0.2;C:\Users\ibtis\AppData\Roaming\npm;C:\platform-tools;C:\Users\ibtis\AppData\Local\Programs\Antigravity IDE\bin
USERNAME=ibtis
OS=Windows_NT
PROCESSOR_IDENTIFIER=Intel64 Family 6 Model 126 Stepping 5, GenuineIntel
TMP=C:\Users\ibtis\AppData\Local\Temp
TEMP=C:\Users\ibtis\AppData\Local\Temp




Periodic native trim disabled

JNI global refs:
JNI global refs: 25, weak refs: 0

JNI global refs memory usage: 835, weak refs: 833

Process memory usage:
Resident Set Size: 246552K (1% of 12383228K total physical memory with 2655812K free physical memory)

OOME stack traces (most recent first):
Classloader memory used:
Loader bootstrap                                                                       : 18247K
Loader org.gradle.internal.classloader.VisitableURLClassLoader                         : 16276K
Loader org.gradle.initialization.MixInLegacyTypesClassLoader                           : 3158K
Loader org.gradle.internal.classloader.VisitableURLClassLoader                         : 763K
Loader jdk.internal.loader.ClassLoaders$AppClassLoader                                 : 234K
Loader jdk.internal.reflect.DelegatingClassLoader                                      : 185K
Loader jdk.internal.loader.ClassLoaders$PlatformClassLoader                            : 155K

Classes loaded by more than one classloader:
Class org.gradle.internal.IoActions                                                   : loaded 3 times (x 71B)
Class org.gradle.api.Action                                                           : loaded 3 times (x 70B)
Class org.gradle.api.GradleException                                                  : loaded 3 times (x 82B)
Class org.gradle.api.internal.classpath.ManifestUtil                                  : loaded 2 times (x 71B)
Class org.gradle.internal.operations.MultipleBuildOperationFailures                   : loaded 2 times (x 95B)
Class org.gradle.internal.classloader.DefaultClassLoaderFactory                       : loaded 2 times (x 82B)
Class org.gradle.internal.classloader.ClassLoaderVisitor                              : loaded 2 times (x 76B)
Class org.gradle.api.internal.classpath.EffectiveClassPath                            : loaded 2 times (x 90B)
Class org.gradle.api.internal.DefaultClassPathProvider                                : loaded 2 times (x 76B)
Class [Lorg.gradle.api.internal.ClassPathProvider;                                    : loaded 2 times (x 69B)
Class org.gradle.api.internal.ClassPathProvider                                       : loaded 2 times (x 70B)
Class org.gradle.internal.service.UnknownServiceException                             : loaded 2 times (x 83B)
Class org.gradle.internal.classpath.TransformedClassPath                              : loaded 2 times (x 96B)
Class org.gradle.internal.classloader.InstrumentingClassLoader                        : loaded 2 times (x 70B)
Class org.gradle.internal.service.ServiceLocator                                      : loaded 2 times (x 70B)
Class org.gradle.internal.InternalTransformer                                         : loaded 2 times (x 70B)
Class org.gradle.internal.time.DefaultTimer                                           : loaded 2 times (x 80B)
Class org.gradle.internal.classloader.ClasspathUtil$1                                 : loaded 2 times (x 76B)
Class org.gradle.api.internal.classpath.DefaultModuleRegistry$DefaultModule           : loaded 2 times (x 86B)
Class org.gradle.internal.time.DefaultCountdownTimer                                  : loaded 2 times (x 88B)
Class org.gradle.api.internal.classpath.Module                                        : loaded 2 times (x 70B)
Class org.gradle.api.internal.classpath.UnknownModuleException                        : loaded 2 times (x 82B)
Class org.gradle.api.internal.DefaultClassPathRegistry                                : loaded 2 times (x 76B)
Class org.gradle.api.internal.ClassPathRegistry                                       : loaded 2 times (x 70B)
Class org.gradle.internal.classpath.DefaultClassPath$ImmutableUniqueList              : loaded 2 times (x 199B)
Class org.gradle.internal.classloader.ClassLoaderHierarchy                            : loaded 2 times (x 70B)
Class org.gradle.api.UncheckedIOException                                             : loaded 2 times (x 82B)
Class kotlin.UninitializedPropertyAccessException                                     : loaded 2 times (x 82B)
Class org.gradle.internal.installation.GradleInstallation$1                           : loaded 2 times (x 75B)
Class org.gradle.api.internal.classpath.ModuleRegistry                                : loaded 2 times (x 70B)
Class org.gradle.api.internal.classpath.DefaultModuleRegistry                         : loaded 2 times (x 86B)
Class org.gradle.internal.time.MonotonicClock                                         : loaded 2 times (x 77B)
Class org.gradle.internal.service.ServiceLookupException                              : loaded 2 times (x 82B)
Class org.gradle.internal.classloader.ClassLoaderFactory                              : loaded 2 times (x 70B)
Class org.gradle.internal.service.CachingServiceLocator                               : loaded 2 times (x 82B)
Class org.gradle.internal.time.TimeSource                                             : loaded 2 times (x 70B)
Class org.gradle.internal.exceptions.ResolutionProvider                               : loaded 2 times (x 70B)
Class org.gradle.internal.classloader.ClasspathUtil                                   : loaded 2 times (x 71B)
Class org.gradle.internal.time.TimeSource$1                                           : loaded 2 times (x 77B)
Class org.gradle.api.specs.Spec                                                       : loaded 2 times (x 70B)
Class org.gradle.internal.time.Clock                                                  : loaded 2 times (x 70B)
Class org.gradle.internal.classloader.VisitableURLClassLoader$InstrumentingVisitableURLClassLoader: loaded 2 times (x 123B)
Class org.gradle.internal.classloader.VisitableURLClassLoader$Spec                    : loaded 2 times (x 74B)
Class org.gradle.internal.classpath.DefaultClassPath                                  : loaded 2 times (x 90B)
Class org.gradle.util.internal.DefaultGradleVersion                                   : loaded 2 times (x 82B)
Class org.gradle.internal.classloader.ClassLoaderSpec                                 : loaded 2 times (x 71B)
Class org.gradle.internal.classloader.VisitableURLClassLoader                         : loaded 2 times (x 117B)
Class org.gradle.internal.classloader.FilteringClassLoader                            : loaded 2 times (x 105B)
Class org.gradle.internal.Cast                                                        : loaded 2 times (x 71B)
Class org.gradle.internal.classpath.DefaultClassPath$ImmutableUniqueList$Builder      : loaded 2 times (x 75B)
Class org.gradle.internal.classpath.ClassPath                                         : loaded 2 times (x 70B)
Class org.gradle.internal.exceptions.NonGradleCauseExceptionsHolder                   : loaded 2 times (x 70B)
Class kotlin.NotImplementedError                                                      : loaded 2 times (x 82B)
Class org.gradle.internal.classloader.SystemClassLoaderSpec                           : loaded 2 times (x 71B)
Class org.gradle.internal.exceptions.MultiCauseException                              : loaded 2 times (x 70B)
Class org.gradle.internal.time.CountdownTimer                                         : loaded 2 times (x 70B)
Class kotlin.jvm.internal.Intrinsics                                                  : loaded 2 times (x 71B)
Class org.gradle.tooling.model.ProjectModel                                           : loaded 2 times (x 70B)
Class kotlin.KotlinNullPointerException                                               : loaded 2 times (x 83B)
Class org.gradle.internal.exceptions.DefaultMultiCauseException                       : loaded 2 times (x 95B)
Class org.gradle.internal.time.Time                                                   : loaded 2 times (x 71B)
Class org.gradle.api.internal.classpath.GlobalCacheRootsProvider                      : loaded 2 times (x 70B)
Class kotlin.NoWhenBranchMatchedException                                             : loaded 2 times (x 82B)
Class org.gradle.internal.time.Timer                                                  : loaded 2 times (x 70B)
Class org.gradle.internal.installation.CurrentGradleInstallationLocator               : loaded 2 times (x 71B)
Class org.gradle.internal.service.DefaultServiceLocator                               : loaded 2 times (x 83B)
Class org.gradle.util.GradleVersion                                                   : loaded 2 times (x 81B)
Class org.gradle.internal.installation.CurrentGradleInstallation                      : loaded 2 times (x 73B)
Class org.gradle.util.internal.GUtil                                                  : loaded 2 times (x 71B)
Class org.gradle.internal.installation.GradleInstallation                             : loaded 2 times (x 75B)

---------------  S Y S T E M  ---------------

OS:
 Windows 11 , 64 bit Build 26100 (10.0.26100.8328)
OS uptime: 0 days 0:46 hours

CPU: total 8 (initial active 8) (4 cores per cpu, 2 threads per core) family 6 model 126 stepping 5 microcode 0xa6, cx8, cmov, fxsr, ht, mmx, 3dnowpref, sse, sse2, sse3, ssse3, sse4.1, sse4.2, popcnt, lzcnt, tsc, tscinvbit, avx, avx2, aes, erms, clmul, bmi1, bmi2, adx, avx512f, avx512dq, avx512cd, avx512bw, avx512vl, sha, fma, vzeroupper, avx512_vpopcntdq, avx512_vpclmulqdq, avx512_vaes, avx512_vnni, clflush, clflushopt, avx512_vbmi2, avx512_vbmi, rdtscp, rdpid, fsrm, gfni, avx512_bitalg, f16c, pku, avx512_ifma
Processor Information for the first 8 processors :
  Max Mhz: 1190, Current Mhz: 991, Mhz Limit: 987

Memory: 4k page, system-wide physical 12092M (2589M free)
TotalPageFile size 22332M (AvailPageFile size 9958M)
current process WorkingSet (physical memory assigned to process): 235M, peak: 267M
current process commit charge ("private bytes"): 270M, peak: 330M

vm_info: OpenJDK 64-Bit Server VM (21.0.9+-14787801-b1163.94) for windows-amd64 JRE (21.0.9+-14787801-b1163.94), built on 2026-01-27T21:15:44Z by "builder" with MS VC++ 16.10 / 16.11 (VS2019)

END.
